// Jest Snapshot v1, https://goo.gl/fbAQLP

exports[`List has a valid snapshot 1`] = `
Array [
  <div>
    <h2>
        <a
            href={undefined}
            target="_blank"
        >
            1
        </a>
    </h2>
    <p>
        1
    </p>
    <p />
    <span>
        2
    </span>
    <button
        className=""
        onClick={[Function]}
        type="button"
    >
        Dimiss
    </button>
</div>,
  <div>
    <h2>
        <a
            href={undefined}
            target="_blank"
        >
            2
        </a>
    </h2>
    <p>
        2
    </p>
    <p />
    <span>
        2
    </span>
    <button
        className=""
        onClick={[Function]}
        type="button"
    >
        Dimiss
    </button>
</div>,
]
`;
